---
source: tests/tui_render.rs
expression: output
---
│ NAVIGATION          ┌ SNAPSHOTS ─────────────────────────────────────────────────────────────────┐
│   Dashboard         │         Label             Created          Host           Ports   Findings │
│   System +          │>        Baseline          <DATETIME> zbook          2       1        │
│   Network +         │         Current           <DATETIME> zbook          2       1        │
│   Discovery +       │                                                                            │
│   Scanner -         │                                                                            │
│   Security x        │                                                                            │
│   Monitor |         │                                                                            │
│   Doctor x          │                                                                            │
│   Reports           │                                                                            │
│ > Snapshots -       │                                                                            │
│   Settings          │                                                                            │
│                     │                                                                            │
│ 88/100 (B)          │                                                                            │
│ Security score      │                                                                            │
│                     │                                                                            │
│                     │                                                                            │
│                     │                                                                            │
│                     │                                                                            │
│                     │                                                                            │
│                     │                                                                            │
│                     │                                                                            │
│                     │                                                                            │
│                     │                                                                            │
│                     └────────────────────────────────────────────────────────────────────────────┘
│                     ┌────────────────────────────────────────────────────────────────────────────┐
│                     │ c Create snapshot   m Mark for comparison   x Compare   d Delete   e Export│
│                     └────────────────────────────────────────────────────────────────────────────┘
 -> Navigate   Enter Open   / Search   r Refresh   ? Help   q Quit
  c create   m mark   x compare   d delete   e export
