---
source: tests/tui_render.rs
expression: output
---
│ NAVIGATION          ┌ OVERVIEW ──────────────────────────────────────────────────────────────────┐
│ > Dashboard         │Host        zbook                                                           │
│   System +          │OS          Ubuntu 24.04 24.04                                              │
│   Network +         │Kernel      6.8.0-88-generic                                                │
│   Discovery +       └────────────────────────────────────────────────────────────────────────────┘
│   Scanner -         ┌ HEALTH ────────────────────────────────────────────────────────────────────┐
│   Security x        │ System    +    Routes    +                                                 │
│   Monitor |         │ CPU       +    DNS       +                                                 │
│   Doctor x          │ Memory    +    Internet  +                                                 │
│   Reports           │ Storage   !    Firewall  !                                                 │
│   Snapshots -       │ GPU       +    Processes +                                                 │
│   Settings          │ Network   +    Security  x                                                 │
│                     │                                                                            │
│ 88/100 (B)          └────────────────────────────────────────────────────────────────────────────┘
│ Security score      ┌ NETWORK ───────────────────────────────────────────────────────────────────┐
│                     │Interface   wlp3s0                                                          │
│                     │Address     192.168.1.20/24                                                 │
│                     └────────────────────────────────────────────────────────────────────────────┘
│                     ┌ RESOURCES ─────────────────────────────────────────────────────────────────┐
│                     │CPU       #####.......   42.0%                                              │
│                     └────────────────────────────────────────────────────────────────────────────┘
│                     ┌ FINDINGS ──────────────────────────────────────────────────────────────────┐
│                     │ > x ERROR  Host firewall appears disabled                                  │
│                     │   - INFO  SSH is listening on all interfaces                               │
│                     │                                                                            │
│                     │                                                                            │
│                     │                                                                            │
│                     └────────────────────────────────────────────────────────────────────────────┘
 -> Navigate   Enter Open   / Search   r Refresh   ? Help   q Quit
  Tab next screen   Ctrl+P Palette
