---
source: tests/tui_render.rs
expression: output
---
│ NAVIGATION            Port scan   Host scan > Nmap
│   Dashboard         ┌ Nmap ──────────────────────────────────────────────────────────────────────┐
│   System +          │nmap is installed. Host discovery can use it as a method.                   │
│   Network +         │                                                                            │
│   Discovery +       │The Discovery screen offers method 'nmap' (Left/Right to select).           │
│ > Scanner -         │netro parses nmap -sn grepable output; it never builds shell strings.       │
│   Security x        │                                                                            │
│   Monitor |         │                                                                            │
│   Doctor x          │                                                                            │
│   Reports           │                                                                            │
│   Snapshots -       │                                                                            │
│   Settings          │                                                                            │
│                     │                                                                            │
│ 88/100 (B)          │                                                                            │
│ Security score      │                                                                            │
│                     │                                                                            │
│                     │                                                                            │
│                     │                                                                            │
│                     │                                                                            │
│                     │                                                                            │
│                     │                                                                            │
│                     │                                                                            │
│                     │                                                                            │
│                     │                                                                            │
│                     │                                                                            │
│                     │                                                                            │
│                     │                                                                            │
│                     └────────────────────────────────────────────────────────────────────────────┘
 -> Navigate   Enter Open   / Search   r Refresh   ? Help   q Quit
  ←/→ field   Space toggle   1/2/3 tabs   g start scan   e export
